// Jest Snapshot v1, https://goo.gl/fbAQLP

exports[`Test class Display return elements in function render 1`] = `
<View
  style={
    Object {
      "alignItems": "flex-end",
      "backgroundColor": "#464646",
      "borderColor": "#888",
      "flex": 1,
      "justifyContent": "center",
      "maxHeight": "40%",
    }
  }
>
  <Text
    numberOfLines={1}
    style={
      Object {
        "color": "white",
        "fontSize": 90,
      }
    }
  />
</View>
`;
